// Jest Snapshot v1, https://goo.gl/fbAQLP

exports[`Test List component renders correctly 1`] = `
<div
  className={undefined}
  id={undefined}
  style={undefined}
  styleName="list border"
>
  <div
    className={undefined}
    id={undefined}
    style={undefined}
    styleName="divider"
  >
    <div
      styleName="groupTitle"
    >
      Dinosaurs
    </div>
    <div
      className={undefined}
      id={undefined}
      onClick={undefined}
      style={undefined}
      styleName="listItem"
    >
      <div
        styleName="inlineBlock"
      >
        <div
          className=""
          style={undefined}
          styleName="avatar"
          title="Blue"
        >
          <span
            styleName="letter"
          >
            B
          </span>
        </div>
      </div>
      <div
        styleName="inlineBlock"
      >
        <button
          className=""
          href={undefined}
          id={undefined}
          name={undefined}
          onClick={undefined}
          style={undefined}
          styleName="button link link_hover"
          tabIndex={0}
          type="button"
        >
          Blue
        </button>
      </div>
      <div
        styleName="rightItem"
      >
        <div
          className=""
          styleName="switch"
        >
          <div
            onClick={[Function]}
            style={undefined}
            styleName="sliderMedium sliderEnabledOffColor"
          >
            <input
              checked={false}
              className=""
              id={undefined}
              name={undefined}
              onBlur={[Function]}
              onChange={[Function]}
              onClick={[Function]}
              onKeyDown={[Function]}
              onKeyPress={[Function]}
              onPaste={[Function]}
              style={undefined}
              styleName="inputMedium"
              type="checkbox"
            />
            <div
              style={
                Object {
                  "background": undefined,
                }
              }
              styleName="handleMedium handleEnabledColor"
            />
            <div
              style={
                Object {
                  "background": undefined,
                }
              }
              styleName="onColorMedium"
            />
          </div>
        </div>
      </div>
    </div>
    <div
      className={undefined}
      id={undefined}
      onClick={undefined}
      style={undefined}
      styleName="listItem"
    >
      <div
        styleName="inlineBlock"
      >
        <div
          className=""
          style={undefined}
          styleName="avatar"
          title="Earl"
        >
          <span
            styleName="letter"
          >
            E
          </span>
        </div>
      </div>
      <div
        styleName="inlineBlock"
      >
        <button
          className=""
          href={undefined}
          id={undefined}
          name={undefined}
          onClick={undefined}
          style={undefined}
          styleName="button link link_hover"
          tabIndex={0}
          type="button"
        >
          Earl Sinclair
        </button>
      </div>
      <div
        styleName="rightItem"
      >
        <div
          className=""
          styleName="switch"
        >
          <div
            onClick={[Function]}
            style={undefined}
            styleName="sliderMedium sliderEnabledOffColor"
          >
            <input
              checked={false}
              className=""
              id={undefined}
              name={undefined}
              onBlur={[Function]}
              onChange={[Function]}
              onClick={[Function]}
              onKeyDown={[Function]}
              onKeyPress={[Function]}
              onPaste={[Function]}
              style={undefined}
              styleName="inputMedium"
              type="checkbox"
            />
            <div
              style={
                Object {
                  "background": undefined,
                }
              }
              styleName="handleMedium handleEnabledColor"
            />
            <div
              style={
                Object {
                  "background": undefined,
                }
              }
              styleName="onColorMedium"
            />
          </div>
        </div>
      </div>
    </div>
  </div>
</div>
`;
