// Jest Snapshot v1, https://goo.gl/fbAQLP

exports[`Test dropdown component Test render correctly 1`] = `
<li
  className="tab"
  onClick={[Function]}
  style={undefined}
>
  My Tab
</li>
`;
