// Jest Snapshot v1, https://goo.gl/fbAQLP

exports[`Test RadioGroup component render Render correctly 1`] = `
<div
  className=""
  style={undefined}
  styleName="inline"
>
  <div
    onClick={[Function]}
    style={undefined}
    styleName="radio_padding"
  >
    <div
      styleName="inline_block relative padding"
    >
      <label
        className=""
        styleName="label"
        title="Option 1"
      >
        Option 1
      </label>
      <div
        styleName="float_left"
      >
        <div
          styleName="container"
        >
          <input
            className="ra_Input__max ra_Input__opacity"
            id={undefined}
            name="test"
            onBlur={[Function]}
            onChange={[Function]}
            onClick={[Function]}
            onKeyDown={[Function]}
            onKeyPress={[Function]}
            onPaste={[Function]}
            placeholder={undefined}
            styleName=""
            type="radio"
            value="first"
          />
        </div>
        <div
          styleName="checked"
        >
          <div
            styleName="checkmark"
          />
        </div>
      </div>
    </div>
  </div>
  <div
    onClick={[Function]}
    style={undefined}
    styleName="radio_padding"
  >
    <div
      styleName="inline_block relative padding"
    >
      <label
        className=""
        styleName="label"
        title="Option 2"
      >
        Option 2
      </label>
      <div
        styleName="float_left"
      >
        <div
          styleName="container"
        >
          <input
            className="ra_Input__max ra_Input__opacity"
            id={undefined}
            name="test"
            onBlur={[Function]}
            onChange={[Function]}
            onClick={[Function]}
            onKeyDown={[Function]}
            onKeyPress={[Function]}
            onPaste={[Function]}
            placeholder={undefined}
            styleName=""
            type="radio"
            value="second"
          />
        </div>
        <div
          styleName="not_checked"
        />
      </div>
    </div>
  </div>
  <div
    onClick={[Function]}
    style={undefined}
    styleName="radio_padding"
  >
    <div
      styleName="inline_block relative padding"
    >
      <label
        className=""
        styleName="label"
        title="Option 3"
      >
        Option 3
      </label>
      <div
        styleName="float_left"
      >
        <div
          styleName="container"
        >
          <input
            className="ra_Input__max ra_Input__opacity"
            id={undefined}
            name="test"
            onBlur={[Function]}
            onChange={[Function]}
            onClick={[Function]}
            onKeyDown={[Function]}
            onKeyPress={[Function]}
            onPaste={[Function]}
            placeholder={undefined}
            styleName=""
            type="radio"
            value="third"
          />
        </div>
        <div
          styleName="not_checked"
        />
      </div>
    </div>
  </div>
  <div
    onClick={[Function]}
    style={undefined}
    styleName="radio_padding"
  >
    <div
      styleName="inline_block relative padding"
    >
      <label
        className=""
        styleName="label"
        title="Option 4"
      >
        Option 4
      </label>
      <div
        styleName="float_left"
      >
        <div
          styleName="container"
        >
          <input
            className="ra_Input__max ra_Input__opacity"
            id={undefined}
            name="test"
            onBlur={[Function]}
            onChange={[Function]}
            onClick={[Function]}
            onKeyDown={[Function]}
            onKeyPress={[Function]}
            onPaste={[Function]}
            placeholder={undefined}
            styleName=""
            type="radio"
            value="fourth"
          />
        </div>
        <div
          styleName="not_checked"
        />
      </div>
    </div>
  </div>
  <div
    onClick={[Function]}
    style={undefined}
    styleName="radio_padding"
  >
    <div
      styleName="inline_block relative padding"
    >
      <label
        className=""
        styleName="label"
        title="Option 5"
      >
        Option 5
      </label>
      <div
        styleName="float_left"
      >
        <div
          styleName="container"
        >
          <input
            className="ra_Input__max ra_Input__opacity"
            id={undefined}
            name="test"
            onBlur={[Function]}
            onChange={[Function]}
            onClick={[Function]}
            onKeyDown={[Function]}
            onKeyPress={[Function]}
            onPaste={[Function]}
            placeholder={undefined}
            styleName=""
            type="radio"
            value="fifth"
          />
        </div>
        <div
          styleName="not_checked"
        />
      </div>
    </div>
  </div>
  <div
    onClick={[Function]}
    style={undefined}
    styleName="radio_padding"
  >
    <div
      styleName="inline_block relative padding"
    >
      <label
        className=""
        styleName="label"
        title="Option 6"
      >
        Option 6
      </label>
      <div
        styleName="float_left"
      >
        <div
          styleName="container"
        >
          <input
            className="ra_Input__max ra_Input__opacity"
            id={undefined}
            name="test"
            onBlur={[Function]}
            onChange={[Function]}
            onClick={[Function]}
            onKeyDown={[Function]}
            onKeyPress={[Function]}
            onPaste={[Function]}
            placeholder={undefined}
            styleName=""
            type="radio"
            value="sixth"
          />
        </div>
        <div
          styleName="not_checked"
        />
      </div>
    </div>
  </div>
</div>
`;
