// Jest Snapshot v1, https://goo.gl/fbAQLP

exports[`Test Tooltip component render Render correctly 1`] = `
<div
  className="class block tooltip tooltip-top"
  data-tooltip=""
  onMouseEnter={[Function]}
  onMouseLeave={[Function]}
  role="tooltip"
  style={undefined}
>
  <i
    className="<i class='fa fa-github'></i>"
  />
  
</div>
`;
