// Jest Snapshot v1, https://goo.gl/fbAQLP

exports[`Test correct render Test correct render 1`] = `
<i
  className="icon={<i className=\\"fa fa-github\\"></i>}"
  onClick={undefined}
  style={undefined}
/>
`;
