// Jest Snapshot v1, https://goo.gl/fbAQLP

exports[`Test switch component render Render correctly 1`] = `
<div
  className="Class"
  styleName="switch"
>
  <div
    onClick={[Function]}
    style={undefined}
    styleName="sliderMedium sliderEnabledOffColor"
  >
    <input
      checked={false}
      className=""
      id="ID"
      name="Name"
      onBlur={[Function]}
      onChange={[Function]}
      onClick={[Function]}
      onKeyDown={[Function]}
      onKeyPress={[Function]}
      onPaste={[Function]}
      style={undefined}
      type="checkbox"
    />
    <div
      style={
        Object {
          "background": "grey",
        }
      }
      styleName="handleMedium handleEnabledColor"
    />
    <div
      style={
        Object {
          "background": "black",
        }
      }
      styleName="onColorMedium"
    />
  </div>
</div>
`;
