// Jest Snapshot v1, https://goo.gl/fbAQLP

exports[`Test Card component renders correctly 1`] = `
<fieldset
  className="name"
  style={undefined}
  styleName="card"
>
  <legend
    styleName="legend"
  >
    lalala
  </legend>
  <p>
    Some card text.
  </p>
</fieldset>
`;
