// Jest Snapshot v1, https://goo.gl/fbAQLP

exports[`Test correct render Test correct render 1`] = `
<div
  className=""
  style={undefined}
>
  <div
    style={
      Object {
        "width": "100%",
      }
    }
    styleName="accordion"
  >
    <div>
      <div
        onClick={[Function]}
        onMouseEnter={[Function]}
        onMouseLeave={[Function]}
        styleName="accordion_header header-inactive"
      >
        First
      </div>
      <div
        styleName="inactive"
      />
    </div>
    <div>
      <div
        onClick={[Function]}
        onMouseEnter={[Function]}
        onMouseLeave={[Function]}
        styleName="accordion_header header-inactive"
      >
        Second
      </div>
      <div
        styleName="inactive"
      />
    </div>
  </div>
</div>
`;
