// Jest Snapshot v1, https://goo.gl/fbAQLP

exports[`Test Card component renders correctly 1`] = `
<div
  className="name card"
  style={undefined}
/>
`;
