// Jest Snapshot v1, https://goo.gl/fbAQLP

exports[`Test Alert component renders correctly 1`] = `
<div
  className=""
  hidden={undefined}
  style={undefined}
  styleName="alert success"
>
  <strong>
    Success!
  </strong>
   This alert box indicates a successful or positive action.
</div>
`;
