// Jest Snapshot v1, https://goo.gl/fbAQLP

exports[`Test Alert component Test renders correctly 1`] = `
<div
  className="alert success"
  style={undefined}
>
  <strong>
    Success!
  </strong>
   This alert box indicates a successful or positive action.
</div>
`;
