// Jest Snapshot v1, https://goo.gl/fbAQLP

exports[`Test Text component renders correctly 1`] = `
<span
  className="defaultFont"
  htmlFor={undefined}
  id={undefined}
  style={undefined}
>
  Hello World!
</span>
`;
