// Jest Snapshot v1, https://goo.gl/fbAQLP

exports[`Test Radio component render Render correctly 1`] = `
<div
  onClick={[Function]}
  style={undefined}
  styleName="inline_block radio_padding"
>
  <div
    styleName="inline_block relative padding"
  >
    <label
      className="class"
      styleName="label"
      title="TITLE"
    >
      Checked Radio
    </label>
    <div
      styleName="float_left"
    >
      <div
        styleName="container"
      >
        <input
          className="ra_Input__max ra_Input__opacity"
          defaultChecked={true}
          inline={true}
          label="Checked Radio"
          name="Mr radio"
          onBlur={[Function]}
          onChange={[Function]}
          onClick={[Function]}
          onKeyDown={[Function]}
          onKeyPress={[Function]}
          onPaste={[Function]}
          styleName=""
          title="TITLE"
          type="radio"
          value="checkedRadio"
        />
      </div>
      <div
        styleName="not_checked"
      />
    </div>
  </div>
</div>
`;
