// Jest Snapshot v1, https://goo.gl/fbAQLP

exports[`Test correct render Test correct render 1`] = `
<div
  className="avatar"
  title="testTitle"
>
  <img
    className="image"
    onError={[Function]}
    src="picture.jpg"
    title="testTitle"
  />
</div>
`;
